Archive member included to satisfy reference by file (symbol)

c:/program files (x86)/atmel/studio/7.0/toolchain/avr8/avr8-gnu-toolchain/bin/../lib/gcc/avr/4.9.2/avr5\libgcc.a(_exit.o)
                              C:/Program Files (x86)/Atmel/Studio/7.0/Packs/atmel/ATmega_DFP/1.0.98/gcc/dev/atmega328/avr5/crtatmega328.o (exit)
c:/program files (x86)/atmel/studio/7.0/toolchain/avr8/avr8-gnu-toolchain/bin/../lib/gcc/avr/4.9.2/avr5\libgcc.a(_copy_data.o)
                              main.o (__do_copy_data)
c:/program files (x86)/atmel/studio/7.0/toolchain/avr8/avr8-gnu-toolchain/bin/../lib/gcc/avr/4.9.2/avr5\libgcc.a(_clear_bss.o)
                              xbee_master_state_machine.o (__do_clear_bss)

Allocating common symbols
Common symbol       size              file

base                0x7               xbee_master_state_machine.o
eeprom_start_byte   0x1               xbee_master_state_machine.o
eeprom_read_buffer  0xb               xbee_master_state_machine.o
_at_cmd_response    0x9               xbee_master_state_machine.o
buffer              0x1f              xbee_serial_tx_rx.o
_at_cmd_request     0x8               xbee_master_state_machine.o
_zb_tx_req          0x39              xbee_master_state_machine.o
_zb_tx_status       0xb               xbee_master_state_machine.o

Discarded input sections

 .data          0x00000000        0x0 C:/Program Files (x86)/Atmel/Studio/7.0/Packs/atmel/ATmega_DFP/1.0.98/gcc/dev/atmega328/avr5/crtatmega328.o
 .bss           0x00000000        0x0 C:/Program Files (x86)/Atmel/Studio/7.0/Packs/atmel/ATmega_DFP/1.0.98/gcc/dev/atmega328/avr5/crtatmega328.o
 .text          0x00000000        0x0 main.o
 .data          0x00000000        0x0 main.o
 .bss           0x00000000        0x0 main.o
 .text          0x00000000        0x4 raw.o
 .data          0x00000000        0x0 raw.o
 .bss           0x00000000        0x0 raw.o
 .debug_line    0x00000000       0x38 raw.o
 .debug_info    0x00000000       0x67 raw.o
 .debug_abbrev  0x00000000       0x14 raw.o
 .debug_aranges
                0x00000000       0x20 raw.o
 .text          0x00000000        0x0 spi_sender_receiver.o
 .data          0x00000000        0x0 spi_sender_receiver.o
 .bss           0x00000000        0x0 spi_sender_receiver.o
 .text.init_spi
                0x00000000        0xa spi_sender_receiver.o
 .text.get_cmd  0x00000000        0xe spi_sender_receiver.o
 .text.send_cmd
                0x00000000       0x14 spi_sender_receiver.o
 .debug_info    0x00000000       0xe4 spi_sender_receiver.o
 .debug_abbrev  0x00000000       0xaa spi_sender_receiver.o
 .debug_loc     0x00000000       0x4c spi_sender_receiver.o
 .debug_aranges
                0x00000000       0x30 spi_sender_receiver.o
 .debug_ranges  0x00000000       0x20 spi_sender_receiver.o
 .debug_line    0x00000000       0xd9 spi_sender_receiver.o
 .debug_str     0x00000000      0x183 spi_sender_receiver.o
 .comment       0x00000000       0x31 spi_sender_receiver.o
 .debug_frame   0x00000000       0x4c spi_sender_receiver.o
 .text          0x00000000        0x0 xbee_master_state_machine.o
 .data          0x00000000        0x0 xbee_master_state_machine.o
 .bss           0x00000000        0x0 xbee_master_state_machine.o
 .text.init_at_cmd_request
                0x00000000       0x20 xbee_master_state_machine.o
 .text.slave_ok
                0x00000000        0x2 xbee_master_state_machine.o
 .data._p_zb_tx_status
                0x00000000        0x2 xbee_master_state_machine.o
 .data._p_xb_cmd_res
                0x00000000        0x2 xbee_master_state_machine.o
 .data._p_xb_cmd_req
                0x00000000        0x2 xbee_master_state_machine.o
 .text          0x00000000        0x0 xbee_serial_tx_rx.o
 .data          0x00000000        0x0 xbee_serial_tx_rx.o
 .bss           0x00000000        0x0 xbee_serial_tx_rx.o
 .text.tx_serial_single
                0x00000000       0x14 xbee_serial_tx_rx.o
 .text.rx_serial_single
                0x00000000       0x16 xbee_serial_tx_rx.o
 .text          0x00000000        0x0 c:/program files (x86)/atmel/studio/7.0/toolchain/avr8/avr8-gnu-toolchain/bin/../lib/gcc/avr/4.9.2/avr5\libgcc.a(_exit.o)
 .data          0x00000000        0x0 c:/program files (x86)/atmel/studio/7.0/toolchain/avr8/avr8-gnu-toolchain/bin/../lib/gcc/avr/4.9.2/avr5\libgcc.a(_exit.o)
 .bss           0x00000000        0x0 c:/program files (x86)/atmel/studio/7.0/toolchain/avr8/avr8-gnu-toolchain/bin/../lib/gcc/avr/4.9.2/avr5\libgcc.a(_exit.o)
 .text.libgcc.mul
                0x00000000        0x0 c:/program files (x86)/atmel/studio/7.0/toolchain/avr8/avr8-gnu-toolchain/bin/../lib/gcc/avr/4.9.2/avr5\libgcc.a(_exit.o)
 .text.libgcc.div
                0x00000000        0x0 c:/program files (x86)/atmel/studio/7.0/toolchain/avr8/avr8-gnu-toolchain/bin/../lib/gcc/avr/4.9.2/avr5\libgcc.a(_exit.o)
 .text.libgcc   0x00000000        0x0 c:/program files (x86)/atmel/studio/7.0/toolchain/avr8/avr8-gnu-toolchain/bin/../lib/gcc/avr/4.9.2/avr5\libgcc.a(_exit.o)
 .text.libgcc.prologue
                0x00000000        0x0 c:/program files (x86)/atmel/studio/7.0/toolchain/avr8/avr8-gnu-toolchain/bin/../lib/gcc/avr/4.9.2/avr5\libgcc.a(_exit.o)
 .text.libgcc.builtins
                0x00000000        0x0 c:/program files (x86)/atmel/studio/7.0/toolchain/avr8/avr8-gnu-toolchain/bin/../lib/gcc/avr/4.9.2/avr5\libgcc.a(_exit.o)
 .text.libgcc.fmul
                0x00000000        0x0 c:/program files (x86)/atmel/studio/7.0/toolchain/avr8/avr8-gnu-toolchain/bin/../lib/gcc/avr/4.9.2/avr5\libgcc.a(_exit.o)
 .text.libgcc.fixed
                0x00000000        0x0 c:/program files (x86)/atmel/studio/7.0/toolchain/avr8/avr8-gnu-toolchain/bin/../lib/gcc/avr/4.9.2/avr5\libgcc.a(_exit.o)
 .text          0x00000000        0x0 c:/program files (x86)/atmel/studio/7.0/toolchain/avr8/avr8-gnu-toolchain/bin/../lib/gcc/avr/4.9.2/avr5\libgcc.a(_copy_data.o)
 .data          0x00000000        0x0 c:/program files (x86)/atmel/studio/7.0/toolchain/avr8/avr8-gnu-toolchain/bin/../lib/gcc/avr/4.9.2/avr5\libgcc.a(_copy_data.o)
 .bss           0x00000000        0x0 c:/program files (x86)/atmel/studio/7.0/toolchain/avr8/avr8-gnu-toolchain/bin/../lib/gcc/avr/4.9.2/avr5\libgcc.a(_copy_data.o)
 .text.libgcc.mul
                0x00000000        0x0 c:/program files (x86)/atmel/studio/7.0/toolchain/avr8/avr8-gnu-toolchain/bin/../lib/gcc/avr/4.9.2/avr5\libgcc.a(_copy_data.o)
 .text.libgcc.div
                0x00000000        0x0 c:/program files (x86)/atmel/studio/7.0/toolchain/avr8/avr8-gnu-toolchain/bin/../lib/gcc/avr/4.9.2/avr5\libgcc.a(_copy_data.o)
 .text.libgcc   0x00000000        0x0 c:/program files (x86)/atmel/studio/7.0/toolchain/avr8/avr8-gnu-toolchain/bin/../lib/gcc/avr/4.9.2/avr5\libgcc.a(_copy_data.o)
 .text.libgcc.prologue
                0x00000000        0x0 c:/program files (x86)/atmel/studio/7.0/toolchain/avr8/avr8-gnu-toolchain/bin/../lib/gcc/avr/4.9.2/avr5\libgcc.a(_copy_data.o)
 .text.libgcc.builtins
                0x00000000        0x0 c:/program files (x86)/atmel/studio/7.0/toolchain/avr8/avr8-gnu-toolchain/bin/../lib/gcc/avr/4.9.2/avr5\libgcc.a(_copy_data.o)
 .text.libgcc.fmul
                0x00000000        0x0 c:/program files (x86)/atmel/studio/7.0/toolchain/avr8/avr8-gnu-toolchain/bin/../lib/gcc/avr/4.9.2/avr5\libgcc.a(_copy_data.o)
 .text.libgcc.fixed
                0x00000000        0x0 c:/program files (x86)/atmel/studio/7.0/toolchain/avr8/avr8-gnu-toolchain/bin/../lib/gcc/avr/4.9.2/avr5\libgcc.a(_copy_data.o)
 .text          0x00000000        0x0 c:/program files (x86)/atmel/studio/7.0/toolchain/avr8/avr8-gnu-toolchain/bin/../lib/gcc/avr/4.9.2/avr5\libgcc.a(_clear_bss.o)
 .data          0x00000000        0x0 c:/program files (x86)/atmel/studio/7.0/toolchain/avr8/avr8-gnu-toolchain/bin/../lib/gcc/avr/4.9.2/avr5\libgcc.a(_clear_bss.o)
 .bss           0x00000000        0x0 c:/program files (x86)/atmel/studio/7.0/toolchain/avr8/avr8-gnu-toolchain/bin/../lib/gcc/avr/4.9.2/avr5\libgcc.a(_clear_bss.o)
 .text.libgcc.mul
                0x00000000        0x0 c:/program files (x86)/atmel/studio/7.0/toolchain/avr8/avr8-gnu-toolchain/bin/../lib/gcc/avr/4.9.2/avr5\libgcc.a(_clear_bss.o)
 .text.libgcc.div
                0x00000000        0x0 c:/program files (x86)/atmel/studio/7.0/toolchain/avr8/avr8-gnu-toolchain/bin/../lib/gcc/avr/4.9.2/avr5\libgcc.a(_clear_bss.o)
 .text.libgcc   0x00000000        0x0 c:/program files (x86)/atmel/studio/7.0/toolchain/avr8/avr8-gnu-toolchain/bin/../lib/gcc/avr/4.9.2/avr5\libgcc.a(_clear_bss.o)
 .text.libgcc.prologue
                0x00000000        0x0 c:/program files (x86)/atmel/studio/7.0/toolchain/avr8/avr8-gnu-toolchain/bin/../lib/gcc/avr/4.9.2/avr5\libgcc.a(_clear_bss.o)
 .text.libgcc.builtins
                0x00000000        0x0 c:/program files (x86)/atmel/studio/7.0/toolchain/avr8/avr8-gnu-toolchain/bin/../lib/gcc/avr/4.9.2/avr5\libgcc.a(_clear_bss.o)
 .text.libgcc.fmul
                0x00000000        0x0 c:/program files (x86)/atmel/studio/7.0/toolchain/avr8/avr8-gnu-toolchain/bin/../lib/gcc/avr/4.9.2/avr5\libgcc.a(_clear_bss.o)
 .text.libgcc.fixed
                0x00000000        0x0 c:/program files (x86)/atmel/studio/7.0/toolchain/avr8/avr8-gnu-toolchain/bin/../lib/gcc/avr/4.9.2/avr5\libgcc.a(_clear_bss.o)

Memory Configuration

Name             Origin             Length             Attributes
text             0x00000000         0x00020000         xr
data             0x00800060         0x0000ffa0         rw !x
eeprom           0x00810000         0x00010000         rw !x
fuse             0x00820000         0x00000400         rw !x
lock             0x00830000         0x00000400         rw !x
signature        0x00840000         0x00000400         rw !x
user_signatures  0x00850000         0x00000400         rw !x
*default*        0x00000000         0xffffffff

Linker script and memory map

Address of section .data set to 0x800100
LOAD C:/Program Files (x86)/Atmel/Studio/7.0/Packs/atmel/ATmega_DFP/1.0.98/gcc/dev/atmega328/avr5/crtatmega328.o
LOAD main.o
LOAD raw.o
LOAD spi_sender_receiver.o
LOAD xbee_master_state_machine.o
LOAD xbee_serial_tx_rx.o
START GROUP
LOAD c:/program files (x86)/atmel/studio/7.0/toolchain/avr8/avr8-gnu-toolchain/bin/../lib/gcc/avr/4.9.2/../../../../avr/lib/avr5\libm.a
END GROUP
START GROUP
LOAD c:/program files (x86)/atmel/studio/7.0/toolchain/avr8/avr8-gnu-toolchain/bin/../lib/gcc/avr/4.9.2/avr5\libgcc.a
LOAD c:/program files (x86)/atmel/studio/7.0/toolchain/avr8/avr8-gnu-toolchain/bin/../lib/gcc/avr/4.9.2/../../../../avr/lib/avr5\libm.a
LOAD c:/program files (x86)/atmel/studio/7.0/toolchain/avr8/avr8-gnu-toolchain/bin/../lib/gcc/avr/4.9.2/../../../../avr/lib/avr5\libc.a
LOAD C:/Program Files (x86)/Atmel/Studio/7.0/Packs/atmel/ATmega_DFP/1.0.98/gcc/dev/atmega328/avr5\libatmega328.a
END GROUP

.hash
 *(.hash)

.dynsym
 *(.dynsym)

.dynstr
 *(.dynstr)

.gnu.version
 *(.gnu.version)

.gnu.version_d
 *(.gnu.version_d)

.gnu.version_r
 *(.gnu.version_r)

.rel.init
 *(.rel.init)

.rela.init
 *(.rela.init)

.rel.text
 *(.rel.text)
 *(.rel.text.*)
 *(.rel.gnu.linkonce.t*)

.rela.text
 *(.rela.text)
 *(.rela.text.*)
 *(.rela.gnu.linkonce.t*)

.rel.fini
 *(.rel.fini)

.rela.fini
 *(.rela.fini)

.rel.rodata
 *(.rel.rodata)
 *(.rel.rodata.*)
 *(.rel.gnu.linkonce.r*)

.rela.rodata
 *(.rela.rodata)
 *(.rela.rodata.*)
 *(.rela.gnu.linkonce.r*)

.rel.data
 *(.rel.data)
 *(.rel.data.*)
 *(.rel.gnu.linkonce.d*)

.rela.data
 *(.rela.data)
 *(.rela.data.*)
 *(.rela.gnu.linkonce.d*)

.rel.ctors
 *(.rel.ctors)

.rela.ctors
 *(.rela.ctors)

.rel.dtors
 *(.rel.dtors)

.rela.dtors
 *(.rela.dtors)

.rel.got
 *(.rel.got)

.rela.got
 *(.rela.got)

.rel.bss
 *(.rel.bss)

.rela.bss
 *(.rela.bss)

.rel.plt
 *(.rel.plt)

.rela.plt
 *(.rela.plt)

.text           0x00000000      0x41c
 *(.vectors)
 .vectors       0x00000000       0x68 C:/Program Files (x86)/Atmel/Studio/7.0/Packs/atmel/ATmega_DFP/1.0.98/gcc/dev/atmega328/avr5/crtatmega328.o
                0x00000000                __vector_default
                0x00000000                __vectors
 *(.vectors)
 *(.progmem.gcc*)
                0x00000068                . = ALIGN (0x2)
                0x00000068                __trampolines_start = .
 *(.trampolines)
 .trampolines   0x00000068        0x0 linker stubs
 *(.trampolines*)
                0x00000068                __trampolines_end = .
 *(.progmem*)
                0x00000068                . = ALIGN (0x2)
 *(.jumptables)
 *(.jumptables*)
 *(.lowtext)
 *(.lowtext*)
                0x00000068                __ctors_start = .
 *(.ctors)
                0x00000068                __ctors_end = .
                0x00000068                __dtors_start = .
 *(.dtors)
                0x00000068                __dtors_end = .
 SORT(*)(.ctors)
 SORT(*)(.dtors)
 *(.init0)
 .init0         0x00000068        0x0 C:/Program Files (x86)/Atmel/Studio/7.0/Packs/atmel/ATmega_DFP/1.0.98/gcc/dev/atmega328/avr5/crtatmega328.o
                0x00000068                __init
 *(.init0)
 *(.init1)
 *(.init1)
 *(.init2)
 .init2         0x00000068        0xc C:/Program Files (x86)/Atmel/Studio/7.0/Packs/atmel/ATmega_DFP/1.0.98/gcc/dev/atmega328/avr5/crtatmega328.o
 *(.init2)
 *(.init3)
 *(.init3)
 *(.init4)
 .init4         0x00000074       0x16 c:/program files (x86)/atmel/studio/7.0/toolchain/avr8/avr8-gnu-toolchain/bin/../lib/gcc/avr/4.9.2/avr5\libgcc.a(_copy_data.o)
                0x00000074                __do_copy_data
 .init4         0x0000008a       0x10 c:/program files (x86)/atmel/studio/7.0/toolchain/avr8/avr8-gnu-toolchain/bin/../lib/gcc/avr/4.9.2/avr5\libgcc.a(_clear_bss.o)
                0x0000008a                __do_clear_bss
 *(.init4)
 *(.init5)
 *(.init5)
 *(.init6)
 *(.init6)
 *(.init7)
 *(.init7)
 *(.init8)
 *(.init8)
 *(.init9)
 .init9         0x0000009a        0x8 C:/Program Files (x86)/Atmel/Studio/7.0/Packs/atmel/ATmega_DFP/1.0.98/gcc/dev/atmega328/avr5/crtatmega328.o
 *(.init9)
 *(.text)
 .text          0x000000a2        0x4 C:/Program Files (x86)/Atmel/Studio/7.0/Packs/atmel/ATmega_DFP/1.0.98/gcc/dev/atmega328/avr5/crtatmega328.o
                0x000000a2                __vector_22
                0x000000a2                __vector_1
                0x000000a2                __vector_24
                0x000000a2                __vector_12
                0x000000a2                __bad_interrupt
                0x000000a2                __vector_6
                0x000000a2                __vector_3
                0x000000a2                __vector_23
                0x000000a2                __vector_25
                0x000000a2                __vector_11
                0x000000a2                __vector_13
                0x000000a2                __vector_17
                0x000000a2                __vector_19
                0x000000a2                __vector_7
                0x000000a2                __vector_5
                0x000000a2                __vector_4
                0x000000a2                __vector_9
                0x000000a2                __vector_2
                0x000000a2                __vector_21
                0x000000a2                __vector_15
                0x000000a2                __vector_8
                0x000000a2                __vector_14
                0x000000a2                __vector_10
                0x000000a2                __vector_16
                0x000000a2                __vector_18
                0x000000a2                __vector_20
                0x000000a6                . = ALIGN (0x2)
 *(.text.*)
 .text.main     0x000000a6       0x58 main.o
                0x000000a6                main
 .text.init_zb_tx_request
                0x000000fe       0x1a xbee_master_state_machine.o
                0x000000fe                init_zb_tx_request
 .text.serial_payload
                0x00000118       0xac xbee_master_state_machine.o
                0x00000118                serial_payload
 .text.send_slave_msg
                0x000001c4       0x58 xbee_master_state_machine.o
                0x000001c4                send_slave_msg
 .text.eeprom_write
                0x0000021c       0x10 xbee_master_state_machine.o
                0x0000021c                eeprom_write
 .text.init_eeprom_read
                0x0000022c        0xc xbee_master_state_machine.o
                0x0000022c                init_eeprom_read
 .text.read_slave_addresses
                0x00000238       0x80 xbee_master_state_machine.o
                0x00000238                read_slave_addresses
 .text.master_exec
                0x000002b8       0x22 xbee_master_state_machine.o
                0x000002b8                master_exec
 .text.is_magic_number_present
                0x000002da       0x1c xbee_master_state_machine.o
                0x000002da                is_magic_number_present
 .text.write_address_to_eeprom
                0x000002f6       0x8a xbee_master_state_machine.o
                0x000002f6                write_address_to_eeprom
 .text.uart_init
                0x00000380       0x24 xbee_serial_tx_rx.o
                0x00000380                uart_init
 .text.send     0x000003a4       0x10 xbee_serial_tx_rx.o
                0x000003a4                send
 .text.tx_serial
                0x000003b4       0x2e xbee_serial_tx_rx.o
                0x000003b4                tx_serial
 .text.rx_serial
                0x000003e2       0x36 xbee_serial_tx_rx.o
                0x000003e2                rx_serial
                0x00000418                . = ALIGN (0x2)
 *(.fini9)
 .fini9         0x00000418        0x0 c:/program files (x86)/atmel/studio/7.0/toolchain/avr8/avr8-gnu-toolchain/bin/../lib/gcc/avr/4.9.2/avr5\libgcc.a(_exit.o)
                0x00000418                _exit
                0x00000418                exit
 *(.fini9)
 *(.fini8)
 *(.fini8)
 *(.fini7)
 *(.fini7)
 *(.fini6)
 *(.fini6)
 *(.fini5)
 *(.fini5)
 *(.fini4)
 *(.fini4)
 *(.fini3)
 *(.fini3)
 *(.fini2)
 *(.fini2)
 *(.fini1)
 *(.fini1)
 *(.fini0)
 .fini0         0x00000418        0x4 c:/program files (x86)/atmel/studio/7.0/toolchain/avr8/avr8-gnu-toolchain/bin/../lib/gcc/avr/4.9.2/avr5\libgcc.a(_exit.o)
 *(.fini0)
                0x0000041c                _etext = .

.data           0x00800100       0x14 load address 0x0000041c
                0x00800100                PROVIDE (__data_start, .)
 *(.data)
 *(.data*)
 .data._command_types
                0x00800100        0x9 xbee_master_state_machine.o
                0x00800100                _command_types
 .data._p_zb_tx_req
                0x00800109        0x2 xbee_master_state_machine.o
                0x00800109                _p_zb_tx_req
 *(.rodata)
 .rodata        0x0080010b        0x8 main.o
 *(.rodata*)
 *(.gnu.linkonce.d*)
                0x00800114                . = ALIGN (0x2)
 *fill*         0x00800113        0x1 
                0x00800114                _edata = .
                0x00800114                PROVIDE (__data_end, .)

.bss            0x00800114       0x87
                0x00800114                PROVIDE (__bss_start, .)
 *(.bss)
 *(.bss*)
 *(COMMON)
 COMMON         0x00800114       0x68 xbee_master_state_machine.o
                0x00800114                base
                0x0080011b                eeprom_start_byte
                0x0080011c                eeprom_read_buffer
                0x00800127                _at_cmd_response
                0x00800130                _at_cmd_request
                0x00800138                _zb_tx_req
                0x00800171                _zb_tx_status
 COMMON         0x0080017c       0x1f xbee_serial_tx_rx.o
                0x0080017c                buffer
                0x0080019b                PROVIDE (__bss_end, .)
                0x0000041c                __data_load_start = LOADADDR (.data)
                0x00000430                __data_load_end = (__data_load_start + SIZEOF (.data))

.noinit         0x0080019b        0x0
                0x0080019b                PROVIDE (__noinit_start, .)
 *(.noinit*)
                0x0080019b                PROVIDE (__noinit_end, .)
                0x0080019b                _end = .
                0x0080019b                PROVIDE (__heap_start, .)

.eeprom         0x00810000        0x0
 *(.eeprom*)
                0x00810000                __eeprom_end = .

.fuse
 *(.fuse)
 *(.lfuse)
 *(.hfuse)
 *(.efuse)

.lock
 *(.lock*)

.signature
 *(.signature*)

.user_signatures
 *(.user_signatures*)

.stab
 *(.stab)

.stabstr
 *(.stabstr)

.stab.excl
 *(.stab.excl)

.stab.exclstr
 *(.stab.exclstr)

.stab.index
 *(.stab.index)

.stab.indexstr
 *(.stab.indexstr)

.comment        0x00000000       0x30
 *(.comment)
 .comment       0x00000000       0x30 main.o
                                 0x31 (size before relaxing)
 .comment       0x00000030       0x31 xbee_master_state_machine.o
 .comment       0x00000030       0x31 xbee_serial_tx_rx.o

.note.gnu.avr.deviceinfo
                0x00000000       0x3c
 .note.gnu.avr.deviceinfo
                0x00000000       0x3c C:/Program Files (x86)/Atmel/Studio/7.0/Packs/atmel/ATmega_DFP/1.0.98/gcc/dev/atmega328/avr5/crtatmega328.o

.note.gnu.build-id
 *(.note.gnu.build-id)

.debug
 *(.debug)

.line
 *(.line)

.debug_srcinfo
 *(.debug_srcinfo)

.debug_sfnames
 *(.debug_sfnames)

.debug_aranges  0x00000000       0xd8
 *(.debug_aranges)
 .debug_aranges
                0x00000000       0x20 main.o
 .debug_aranges
                0x00000020       0x70 xbee_master_state_machine.o
 .debug_aranges
                0x00000090       0x48 xbee_serial_tx_rx.o

.debug_pubnames
 *(.debug_pubnames)

.debug_info     0x00000000      0xd78
 *(.debug_info .gnu.linkonce.wi.*)
 .debug_info    0x00000000      0x187 main.o
 .debug_info    0x00000187      0x9c1 xbee_master_state_machine.o
 .debug_info    0x00000b48      0x230 xbee_serial_tx_rx.o

.debug_abbrev   0x00000000      0x4eb
 *(.debug_abbrev)
 .debug_abbrev  0x00000000       0xfa main.o
 .debug_abbrev  0x000000fa      0x286 xbee_master_state_machine.o
 .debug_abbrev  0x00000380      0x16b xbee_serial_tx_rx.o

.debug_line     0x00000000      0x415
 *(.debug_line .debug_line.* .debug_line_end)
 .debug_line    0x00000000       0xc5 main.o
 .debug_line    0x000000c5      0x21b xbee_master_state_machine.o
 .debug_line    0x000002e0      0x135 xbee_serial_tx_rx.o

.debug_frame    0x00000000      0x204
 *(.debug_frame)
 .debug_frame   0x00000000       0x34 main.o
 .debug_frame   0x00000034      0x134 xbee_master_state_machine.o
 .debug_frame   0x00000168       0x9c xbee_serial_tx_rx.o

.debug_str      0x00000000      0x54d
 *(.debug_str)
 .debug_str     0x00000000      0x18e main.o
                                0x1ca (size before relaxing)
 .debug_str     0x0000018e      0x375 xbee_master_state_machine.o
                                0x589 (size before relaxing)
 .debug_str     0x00000503       0x4a xbee_serial_tx_rx.o
                                0x1cc (size before relaxing)

.debug_loc      0x00000000      0x6ae
 *(.debug_loc)
 .debug_loc     0x00000000       0x47 main.o
 .debug_loc     0x00000047      0x496 xbee_master_state_machine.o
 .debug_loc     0x000004dd      0x1d1 xbee_serial_tx_rx.o

.debug_macinfo
 *(.debug_macinfo)

.debug_weaknames
 *(.debug_weaknames)

.debug_funcnames
 *(.debug_funcnames)

.debug_typenames
 *(.debug_typenames)

.debug_varnames
 *(.debug_varnames)

.debug_pubtypes
 *(.debug_pubtypes)

.debug_ranges   0x00000000       0xa8
 *(.debug_ranges)
 .debug_ranges  0x00000000       0x10 main.o
 .debug_ranges  0x00000010       0x60 xbee_master_state_machine.o
 .debug_ranges  0x00000070       0x38 xbee_serial_tx_rx.o

.debug_macro
 *(.debug_macro)
OUTPUT(avr_xbee_comm.elf elf32-avr)
LOAD linker stubs
